// Jest Snapshot v1, https://goo.gl/fbAQLP

exports[`Home component will render 1`] = `
Array [
  "      ",
  <div
    className="centered-table"
  >
    <div>
      <div
        className="block"
      >
        <h2
          className="subtitle"
        >
          Add new data
        </h2>
        <button
          className="button is-primary"
          onClick={[Function]}
        >
          Add new data
        </button>
      </div>
      <div
        className="block"
      >
        <strong>
          <br />
        </strong>
      </div>
    </div>
    <table
      className="table"
    >
      <tbody />
    </table>
  </div>,
]
`;
